    similarity     
-------------------
 0.421052631578947
(1 row)

